// Jest Snapshot v1, https://goo.gl/fbAQLP

exports[`Edit Installment component renders the UI as expected 1`] = `
Array [
  " ",
  <form
    onSubmit={[Function]}
  >
    <label
      htmlFor="type-1"
    >
      What type of installment is this?
    </label>
    <div
      className="error"
    >
      Type is required
    </div>
    <select
      id="type-1"
      onChange={[Function]}
    >
      <option />
      <option
        value="Show"
      >
        Show
      </option>
      <option
        value="Book series"
      >
        Book series
      </option>
      <option
        value="Movie series"
      >
        Movie series
      </option>
      <option
        value="Comic series"
      >
        Comic series
      </option>
    </select>
    <label>
      What is the name of this 
      
      ?
    </label>
    <div
      className="error"
    >
      Title is required
    </div>
    <input
      defaultValue=""
      onChange={[Function]}
      type="text"
    />
    <br />
    <button
      className="edit-installment-button"
      disabled={true}
      type="submit"
    >
      Submit
    </button>
  </form>,
  " ",
]
`;
