// Jest Snapshot v1, https://goo.gl/fbAQLP

exports[`Profile component renders the UI as expected 1`] = `
Array [
  " ",
  <div
    className="profile-label"
  >
    PROFILE
  </div>,
  <div
    className="profile-label"
  >
    FANDOMS
  </div>,
  <img
    alt="superhero divider"
    className="divider"
    src="divider2.PNG"
  />,
  <a
    className="fandom-view"
    href="/users/1/fandom-view/1"
    onClick={[Function]}
  >
    <h3>
      Doctor Who
    </h3>
    <button
      onClick={[Function]}
    >
      Edit
    </button>
    <button
      onClick={[Function]}
    >
      Delete
    </button>
  </a>,
  <a
    className="fandom-view"
    href="/users/1/fandom-view/2"
    onClick={[Function]}
  >
    <h3>
      Supernatural
    </h3>
    <button
      onClick={[Function]}
    >
      Edit
    </button>
    <button
      onClick={[Function]}
    >
      Delete
    </button>
  </a>,
  <a
    className="fandom-view"
    href="/users/1/fandom-view/3"
    onClick={[Function]}
  >
    <h3>
      Parks and Recreation
    </h3>
    <button
      onClick={[Function]}
    >
      Edit
    </button>
    <button
      onClick={[Function]}
    >
      Delete
    </button>
  </a>,
  <a
    className="fandom-view"
    href="/users/1/fandom-view/4"
    onClick={[Function]}
  >
    <h3>
      Buffy the Vampire Slayer
    </h3>
    <button
      onClick={[Function]}
    >
      Edit
    </button>
    <button
      onClick={[Function]}
    >
      Delete
    </button>
  </a>,
  <a
    className="fandom-view"
    href="/users/1/fandom-view/5"
    onClick={[Function]}
  >
    <h3>
      Harry Potter
    </h3>
    <button
      onClick={[Function]}
    >
      Edit
    </button>
    <button
      onClick={[Function]}
    >
      Delete
    </button>
  </a>,
  <a
    className="fandom-view"
    href="/users/1/fandom-view/6"
    onClick={[Function]}
  >
    <h3>
      This belongs to user 2
    </h3>
    <button
      onClick={[Function]}
    >
      Edit
    </button>
    <button
      onClick={[Function]}
    >
      Delete
    </button>
  </a>,
  <a
    className="create-fandom-button"
    href="/users/1/create-fandom"
    onClick={[Function]}
  >
    Create Fandom
  </a>,
  " ",
]
`;
