// Jest Snapshot v1, https://goo.gl/fbAQLP

exports[`Create Installment component renders the UI as expected 1`] = `
Array [
  " ",
  <div
    className="review"
  >
    <p>
       Review Section 
    </p>
    <p
      className="review-comp"
    >
      This is an example of the latest review this person posted. They watched a show and wrote their feelings about it. You can click here and it'll go to the review.
      <br />
       5 stars
    </p>
    <p
      className="review-comp"
    >
      Here, have another. This is another show. Maybe better? Maybe worse? Who knows. 
      <br />
      3 stars
    </p>
  </div>,
  <a
    className="fandom-view"
    href="/users/1/fandom-view/1"
    onClick={[Function]}
  >
    <h3>
      Doctor Who
    </h3>
    <button
      onClick={[Function]}
    >
      Edit
    </button>
    <button
      onClick={[Function]}
    >
      Delete
    </button>
  </a>,
  <a
    className="fandom-view"
    href="/users/1/fandom-view/2"
    onClick={[Function]}
  >
    <h3>
      Supernatural
    </h3>
    <button
      onClick={[Function]}
    >
      Edit
    </button>
    <button
      onClick={[Function]}
    >
      Delete
    </button>
  </a>,
  <a
    className="fandom-view"
    href="/users/1/fandom-view/3"
    onClick={[Function]}
  >
    <h3>
      Parks and Recreation
    </h3>
    <button
      onClick={[Function]}
    >
      Edit
    </button>
    <button
      onClick={[Function]}
    >
      Delete
    </button>
  </a>,
  <a
    className="fandom-view"
    href="/users/1/fandom-view/4"
    onClick={[Function]}
  >
    <h3>
      Buffy the Vampire Slayer
    </h3>
    <button
      onClick={[Function]}
    >
      Edit
    </button>
    <button
      onClick={[Function]}
    >
      Delete
    </button>
  </a>,
  <a
    className="fandom-view"
    href="/users/1/fandom-view/5"
    onClick={[Function]}
  >
    <h3>
      Harry Potter
    </h3>
    <button
      onClick={[Function]}
    >
      Edit
    </button>
    <button
      onClick={[Function]}
    >
      Delete
    </button>
  </a>,
  <a
    className="fandom-view"
    href="/users/1/fandom-view/6"
    onClick={[Function]}
  >
    <h3>
      This belongs to user 2
    </h3>
    <button
      onClick={[Function]}
    >
      Edit
    </button>
    <button
      onClick={[Function]}
    >
      Delete
    </button>
  </a>,
  <a
    href="/users/1/create-fandom"
    onClick={[Function]}
  >
    Create Fandom
  </a>,
  " ",
]
`;
