// Jest Snapshot v1, https://goo.gl/fbAQLP

exports[`Create Installment component renders the UI as expected 1`] = `
<form
  className="create"
  onSubmit={[Function]}
>
  <label
    htmlFor="title"
  >
    Title
  </label>
  <input
    defaultValue=""
    id="title"
    onChange={[Function]}
    type="text"
  />
  <label
    htmlFor="rating"
  >
    Rating
  </label>
  <input
    defaultValue={null}
    id="rating"
    onChange={[Function]}
    type="text"
  />
  <label
    htmlFor="content"
  >
    Review
  </label>
  <textarea
    defaultValue=""
    id="content"
    onChange={[Function]}
    type="text"
  />
  <label
    htmlFor="tag-input"
  >
    Tags
  </label>
  <input
    id="tag-input"
    list="tags"
    onChange={[Function]}
  />
  <button
    onClick={[Function]}
  >
    Add Tag
  </button>
  <datalist
    id="tags"
    type="text"
  />
  <br />
  <div
    className="tag-list"
  />
  <button
    type="submit"
  >
    Submit
  </button>
</form>
`;
