// Jest Snapshot v1, https://goo.gl/fbAQLP

exports[`Login page component renders the UI as expected 1`] = `
Array [
  <h2>
    Login
  </h2>,
  <form
    className="LoginForm"
    onSubmit={[Function]}
  >
    <div
      role="alert"
    />
    <div
      className="user_name"
    >
      <label
        htmlFor="LoginForm__user_name"
      >
        User name
      </label>
      <input
        id="LoginForm__user_name"
        name="username"
        required={true}
      />
    </div>
    <div
      className="password"
    >
      <label
        htmlFor="LoginForm__password"
      >
        Password
      </label>
      <input
        id="LoginForm__password"
        name="password"
        required={true}
        type="password"
      />
    </div>
    <button
      className="login-button"
      type="submit"
    >
      Login
    </button>
  </form>,
]
`;
