// Jest Snapshot v1, https://goo.gl/fbAQLP

exports[`SignUp component renders the UI as expected 1`] = `
Array [
  " ",
  <form
    className="new-user-form"
    onSubmit={[Function]}
  >
    <div
      className="basic"
    >
      <p>
         Basic account information 
      </p>
      <label
        htmlFor="username"
      >
        Username
      </label>
      <input
        id="username"
        onChange={[Function]}
        type="text"
      />
      <label
        htmlFor="pw"
      >
        Password
      </label>
      <input
        id="pw"
        onChange={[Function]}
        type="password"
      />
      <label
        htmlFor="pw-confirm"
      >
        Confirm Password
      </label>
      <input
        id="pw-confirm"
        onChange={[Function]}
        type="password"
      />
    </div>
    <div
      className="personal"
    >
      <p>
        Tell us about yourself
      </p>
      <label
        htmlFor="fullname"
      >
        Full Name
      </label>
      <input
        id="fullname"
        onChange={[Function]}
        type="text"
      />
      <label
        htmlFor="interests"
      >
        Interests(comma separated list)
      </label>
      <input
        defaultValue=""
        id="interests"
        onChange={[Function]}
        type="text"
      />
      <label
        htmlFor="city"
      >
        City
      </label>
      <input
        defaultValue=""
        id="city"
        onChange={[Function]}
        type="text"
      />
      <label
        htmlFor="education"
      >
        Education
      </label>
      <input
        defaultValue=""
        id="education"
        onChange={[Function]}
        type="text"
      />
    </div>
    <button
      className="submit-account-button"
      disabled={
        <div
          className="error"
        >
          Password must be longer than 8 characters 
        </div>
      }
      type="submit"
    >
      Submit
    </button>
  </form>,
  " ",
]
`;
