// Jest Snapshot v1, https://goo.gl/fbAQLP

exports[`Create Installment component renders the UI as expected 1`] = `
Array [
  " ",
  <h3>
    Edit Fandom
  </h3>,
  <div
    className="fandom"
  >
    <form
      className="create-fandom"
      onSubmit={[Function]}
    >
      <label
        htmlFor="workname"
      >
        Name of fandom*
      </label>
      <input
        defaultValue="Doctor Who"
        id="workname"
        onChange={[Function]}
        type="text"
      />
      <button
        className="submit-fandom-button"
        disabled={false}
        type="submit"
      >
        Submit
      </button>
    </form>
  </div>,
  " ",
]
`;
