// Jest Snapshot v1, https://goo.gl/fbAQLP

exports[`Fandom view component renders the UI as expected 1`] = `
Array [
  " ",
  <h1
    className="fandom-label"
  >
    Harry Potter
  </h1>,
  <div
    className="installment-label"
  >
    INSTALLMENTS
  </div>,
  <a
    className="fandom-view"
    href="/users/1/fandoms/5/installment-view/6"
    onClick={[Function]}
  >
    <h4>
      Harry Potter Books
    </h4>
    <button
      onClick={[Function]}
    >
      Edit
    </button>
    <button
      onClick={[Function]}
    >
      Delete
    </button>
  </a>,
  <a
    className="create-installments-link"
    href="/users/1/fandoms/5/add-installments-form"
    onClick={[Function]}
  >
    Add Installments
  </a>,
  " ",
]
`;
