// Jest Snapshot v1, https://goo.gl/fbAQLP

exports[`Create Installment component renders the UI as expected 1`] = `
Array [
  " ",
  <form
    className="add-sections"
    onSubmit={[Function]}
  >
    <label
      htmlFor="section-title-1"
    >
      How many 
      season
      s would you like to add?
    </label>
    <input
      id="section-title-1"
      onChange={[Function]}
      type="number"
    />
    <button
      className="submit-sections-button"
      type="submit"
    >
      Add 
      season
      s 
    </button>
  </form>,
  " ",
]
`;
